==10379== Memcheck, a memory error detector
==10379== Copyright (C) 2002-2013, and GNU GPL'd, by Julian Seward et al.
==10379== Using Valgrind-3.10.0.SVN and LibVEX; rerun with -h for copyright info
==10379== Command: /home/sjh/workspace/q2e_isodists/Debug/q2e_isodists peptideList
==10379== Parent PID: 8491
==10379== 
==10379== 
==10379== HEAP SUMMARY:
==10379==     in use at exit: 0 bytes in 0 blocks
==10379==   total heap usage: 232 allocs, 232 frees, 32,034,768 bytes allocated
==10379== 
==10379== All heap blocks were freed -- no leaks are possible
==10379== 
==10379== For counts of detected and suppressed errors, rerun with: -v
==10379== ERROR SUMMARY: 0 errors from 0 contexts (suppressed: 0 from 0)
